// Jest Snapshot v1, https://goo.gl/fbAQLP

exports[`should render AddExpensePage correctly 1`] = `
<div>
  <div
    className="page-header"
  >
    <div
      className="content-container"
    >
      <h2
        className="page-header__title"
      >
        Add Expense
      </h2>
    </div>
  </div>
  <div
    className="content-container"
  >
    <ExpenseForm
      onSubmit={[Function]}
    />
  </div>
</div>
`;
