// Jest Snapshot v1, https://goo.gl/fbAQLP

exports[`should correctly render LoadingPage 1`] = `
<div
  className="loader"
>
  <div
    className="loader-inner"
  >
    <div
      className="loader-line-wrap"
    >
      <div
        className="loader-line"
      />
    </div>
    <div
      className="loader-line-wrap"
    >
      <div
        className="loader-line"
      />
    </div>
    <div
      className="loader-line-wrap"
    >
      <div
        className="loader-line"
      />
    </div>
    <div
      className="loader-line-wrap"
    >
      <div
        className="loader-line"
      />
    </div>
    <div
      className="loader-line-wrap"
    >
      <div
        className="loader-line"
      />
    </div>
  </div>
</div>
`;
